============================= test session starts =============================
platform win32 -- Python 3.13.7, pytest-9.0.2, pluggy-1.6.0 -- C:\Projetos\memoria_de_calculo\.venv\Scripts\python.exe
cachedir: .pytest_cache
rootdir: C:\Projetos\memoria_de_calculo
plugins: anyio-4.13.0
collecting ... collected 15 items

tests/test_excel_adapter.py::TestBaseExcelReader::test_inicializacao_com_header_dinamico FAILED [  6%]

================================== FAILURES ===================================
_________ TestBaseExcelReader.test_inicializacao_com_header_dinamico __________

self = <test_excel_adapter.TestBaseExcelReader object at 0x000001AA81019590>
sample_base_xlsx = 'C:\\Users\\Stefan_Pratti\\AppData\\Local\\Temp\\pytest-of-Stefan_Pratti\\pytest-4\\test_inicializacao_com_header_0\\base_test.xlsx'

    def test_inicializacao_com_header_dinamico(self, sample_base_xlsx):
        """Deve detectar o header na linha 6 e carregar os dados corretamente."""
>       reader = BaseExcelReader(sample_base_xlsx)
                 ^^^^^^^^^^^^^^^^^^^^^^^^^^^^^^^^^

tests\test_excel_adapter.py:25: 
_ _ _ _ _ _ _ _ _ _ _ _ _ _ _ _ _ _ _ _ _ _ _ _ _ _ _ _ _ _ _ _ _ _ _ _ _ _ _ _
logic\adapters\excel_adapter.py:112: in __init__
    self._validate_columns()
_ _ _ _ _ _ _ _ _ _ _ _ _ _ _ _ _ _ _ _ _ _ _ _ _ _ _ _ _ _ _ _ _ _ _ _ _ _ _ _

self = <logic.adapters.excel_adapter.BaseExcelReader object at 0x000001AA810F4980>

    def _validate_columns(self):
        """Valida se todas as colunas esperadas pelo mapeamento estÒo presentes na base."""
        expected = get_base_columns()
        missing = [c for c in expected if c not in self.df.columns and c not in OPTIONAL_BASE_COLUMNS]
        if missing:
>           raise ColumnValidationError(
                f"Colunas obrigat¾rias ausentes na planilha base: {missing}. "
                f"Colunas encontradas: {list(self.df.columns)}"
            )
E           logic.adapters.excel_adapter.ColumnValidationError: Colunas obrigat¾rias ausentes na planilha base: ['ClassificaþÒo']. Colunas encontradas: ['Referencia', 'No. UC', 'CPF/CNPJ', 'Razao Social', 'Distribuidora', 'Cred. Consumido Raizen', 'Desconto Contratado', 'Vencimento', 'Status Pos-Faturamento', 'Boleto Raizen', 'Tarifa Raizen', 'Custo c/ GD', 'Custo s/ GD', 'Ganho total PadrÒo', 'Excecao Fat.']

logic\adapters\excel_adapter.py:143: ColumnValidationError
============================== warnings summary ===============================
tests/test_excel_adapter.py::TestBaseExcelReader::test_inicializacao_com_header_dinamico
tests/test_excel_adapter.py::TestBaseExcelReader::test_inicializacao_com_header_dinamico
tests/test_excel_adapter.py::TestBaseExcelReader::test_inicializacao_com_header_dinamico
tests/test_excel_adapter.py::TestBaseExcelReader::test_inicializacao_com_header_dinamico
tests/test_excel_adapter.py::TestBaseExcelReader::test_inicializacao_com_header_dinamico
  C:\Projetos\memoria_de_calculo\.venv\Lib\site-packages\openpyxl\packaging\core.py:99: DeprecationWarning: datetime.datetime.utcnow() is deprecated and scheduled for removal in a future version. Use timezone-aware objects to represent datetimes in UTC: datetime.datetime.now(datetime.UTC).
    now = datetime.datetime.utcnow()

tests/test_excel_adapter.py::TestBaseExcelReader::test_inicializacao_com_header_dinamico
  C:\Projetos\memoria_de_calculo\.venv\Lib\site-packages\openpyxl\writer\excel.py:292: DeprecationWarning: datetime.datetime.utcnow() is deprecated and scheduled for removal in a future version. Use timezone-aware objects to represent datetimes in UTC: datetime.datetime.now(datetime.UTC).
    workbook.properties.modified = datetime.datetime.utcnow()

-- Docs: https://docs.pytest.org/en/stable/how-to/capture-warnings.html
=========================== short test summary info ===========================
FAILED tests/test_excel_adapter.py::TestBaseExcelReader::test_inicializacao_com_header_dinamico - logic.adapters.excel_adapter.ColumnValidationError: Colunas obrigat¾rias ausentes na planilha base: ['ClassificaþÒo']. Colunas encontradas: ['Referencia', 'No. UC', 'CPF/CNPJ', 'Razao Social', 'Distribuidora', 'Cred. Consumido Raizen', 'Desconto Contratado', 'Vencimento', 'Status Pos-Faturamento', 'Boleto Raizen', 'Tarifa Raizen', 'Custo c/ GD', 'Custo s/ GD', 'Ganho total PadrÒo', 'Excecao Fat.']
!!!!!!!!!!!!!!!!!!!!!!!!!! stopping after 1 failures !!!!!!!!!!!!!!!!!!!!!!!!!!
======================== 1 failed, 6 warnings in 0.32s ========================
